[behavioral_economics] EXISTS Changes in the global value of ecosystem c:5975
[behavioral_economics] EXISTS The behaviour change wheel: A new method c:13130
[behavioral_economics] NEW Models of Bounded Rationality c:4190
[complexity_science] NEW Beyond GDP: The Need for New Measures of c:341
[complexity_science] NEW The dynamic sustainability framework: ad c:1763
[cognitive_science] NEW Six views of embodied cognition c:4434
[cognitive_science] EXISTS Psychology of Habit c:1350
[psychology] EXISTS Rethinking Rumination c:4906
[psychology] EXISTS Internet of Things: A Survey on Enabling c:8160
[psychology] EXISTS Fostering implementation of health servi c:14466
[sociology] EXISTS Confronting the Challenges of Participat c:3191
[sociology] EXISTS Reassembling the Social c:14923
[economics] NEW Automation and New Tasks: How Technology c:2009
[economics] EXISTS Artificial Intelligence (AI): Multidisci c:3822
[economics] EXISTS The dark side of generative artificial i c:478
[hci] EXISTS Artificial Intelligence and Management:  c:1569
[hci] EXISTS Data Feminism c:1390
[hci] EXISTS Generative Agents: Interactive Simulacra c:1233
[organization_science] EXISTS The Knowledge-Creating Company c:17130
[organization_science] EXISTS An Evolutionary Theory of Economic Chang c:21730
[neuroscience] NEW The evolution of self-control c:829
[neuroscience] EXISTS Whatever next? Predictive brains, situat c:5694
[history_of_technology] EXISTS Technological transitions as evolutionar c:6477
[history_of_technology] EXISTS The resource‐based view within the conve c:3386
[ai_governance] EXISTS The Ethics of AI Ethics: An Evaluation o c:1545
[ai_governance] EXISTS Explainable Artificial Intelligence (XAI c:8400
[systems_engineering] EXISTS Resilient health care: turning patient s c:570
[systems_engineering] EXISTS Closing the AI accountability gap c:848
[systems_engineering] EXISTS European Guidelines on cardiovascular di c:8509
[philosophy] EXISTS Artificial Intelligence and Management:  c:1569
[philosophy] EXISTS Whatever next? Predictive brains, situat c:5694
[philosophy] EXISTS A New Look at Infant Pointing c:992
[anthropology] EXISTS Groupware: some issues and experiences c:2756
[anthropology] EXISTS Making c:1838
[evolutionary_biology] EXISTS Not By Genes Alone c:2690
[evolutionary_biology] EXISTS The meme machine c:1447

Total new: 6 / 36
